Script started on 2023-02-09 12:25:06+01:00 [TERM="xterm-256color" TTY="/dev/pts/0" COLUMNS="80" LINES="24"]
[?2004h]0;alumno@aula407: ~/prpa_decker[01;32malumno@aula407[00m:[01;34m~/prpa_decker[00m$ emacs 02.py
[?2004l[?2004h]0;alumno@aula407: ~/prpa_decker[01;32malumno@aula407[00m:[01;34m~/prpa_decker[00m$ emacs 03.py
[?2004l[?2004h]0;alumno@aula407: ~/prpa_decker[01;32malumno@aula407[00m:[01;34m~/prpa_decker[00m$ emacs 03.py[1P.py4.py
[?2004l[?2004h]0;alumno@aula407: ~/prpa_decker[01;32malumno@aula407[00m:[01;34m~/prpa_decker[00m$ git com[K[K[Kadd 01.py
[?2004l[?2004h]0;alumno@aula407: ~/prpa_decker[01;32malumno@aula407[00m:[01;34m~/prpa_decker[00m$ git add 01.py[1P.py2.py
[?2004l[?2004h]0;alumno@aula407: ~/prpa_decker[01;32malumno@aula407[00m:[01;34m~/prpa_decker[00m$ git add 02.py[1P.py3.py
[?2004l[?2004h]0;alumno@aula407: ~/prpa_decker[01;32malumno@aula407[00m:[01;34m~/prpa_decker[00m$ git add 03.py[1P.py4.py
[?2004l[?2004h]0;alumno@aula407: ~/prpa_decker[01;32malumno@aula407[00m:[01;34m~/prpa_decker[00m$ git states[K[Kus
[?2004lEn la rama main
Tu rama está actualizada con 'origin/main'.

Cambios a ser confirmados:
  (usa "git restore --staged <archivo>..." para sacar del área de stage)
	[32mnuevos archivos: 01.py[m
	[32mnuevos archivos: 02.py[m
	[32mnuevos archivos: 03.py[m
	[32mnuevos archivos: 04.py[m

Archivos sin seguimiento:
  (usa "git add <archivo>..." para incluirlo a lo que se será confirmado)
	[31msesion.txt[m

[?2004h]0;alumno@aula407: ~/prpa_decker[01;32malumno@aula407[00m:[01;34m~/prpa_decker[00m$ git commit -m "Subir los 4 fichere[K[K[K[K[K[K[Kscripts de python del p f[Kdf dd[Kecker"
[?2004l[main 2dd1cc0] Subir los 4 scripts de python del pdf decker
 4 files changed, 182 insertions(+)
 create mode 100644 01.py
 create mode 100644 02.py
 create mode 100644 03.py
 create mode 100644 04.py
[?2004h]0;alumno@aula407: ~/prpa_decker[01;32malumno@aula407[00m:[01;34m~/prpa_decker[00m$ git push
[?2004lEnumerando objetos: 7, listo.
Contando objetos:  14% (1/7)Contando objetos:  28% (2/7)Contando objetos:  42% (3/7)Contando objetos:  57% (4/7)Contando objetos:  71% (5/7)Contando objetos:  85% (6/7)Contando objetos: 100% (7/7)Contando objetos: 100% (7/7), listo.
Compresión delta usando hasta 6 hilos
Comprimiendo objetos:  16% (1/6)Comprimiendo objetos:  33% (2/6)Comprimiendo objetos:  50% (3/6)Comprimiendo objetos:  66% (4/6)Comprimiendo objetos:  83% (5/6)Comprimiendo objetos: 100% (6/6)Comprimiendo objetos: 100% (6/6), listo.
Escribiendo objetos:  16% (1/6)Escribiendo objetos:  33% (2/6)Escribiendo objetos:  66% (4/6)Escribiendo objetos:  83% (5/6)Escribiendo objetos: 100% (6/6)Escribiendo objetos: 100% (6/6), 1.08 KiB | 1.08 MiB/s, listo.
Total 6 (delta 3), reusados 0 (delta 0), pack-reusados 0
remote: Resolving deltas:   0% (0/3)[Kremote: Resolving deltas:  33% (1/3)[Kremote: Resolving deltas:  66% (2/3)[Kremote: Resolving deltas: 100% (3/3)[Kremote: Resolving deltas: 100% (3/3), done.[K
To github.com:JavierAbollado/prpa_decker.git
   9fc8e9d..2dd1cc0  main -> main
[?2004h]0;alumno@aula407: ~/prpa_decker[01;32malumno@aula407[00m:[01;34m~/prpa_decker[00m$ git status
[?2004lEn la rama main
Tu rama está actualizada con 'origin/main'.

Archivos sin seguimiento:
  (usa "git add <archivo>..." para incluirlo a lo que se será confirmado)
	[31msesion.txt[m

no hay nada agregado al commit pero hay archivos sin seguimiento presentes (usa "git add" para hacerles seguimiento)
[?2004h]0;alumno@aula407: ~/prpa_decker[01;32malumno@aula407[00m:[01;34m~/prpa_decker[00m$ git pull
[?2004lYa está actualizado.
[?2004h]0;alumno@aula407: ~/prpa_decker[01;32malumno@aula407[00m:[01;34m~/prpa_decker[00m$ cat 01.pt[Ky
[?2004lfrom multiprocessing import Process
from multiprocessing import current_process
from multiprocessing import Value, Array
N = 8

def task(common, tid, turn):
    a = 0
    for i in range(100):
        print(f’{tid}−{i}: Non−critical Section’)
        a += 1
        print(f’{tid}−{i}: End of non−critical Section’)
        while turn.value!=tid:
            pass
        print(f’{tid}−{i}: Critical section’)
        v = common.value + 1
        print(f’{tid}−{i}: Inside critical section’)
        common.value = v
        print(f’{tid}−{i}: End of critical section’)
        turn.value = (tid + 1) % N

def main():
    lp = []
    common = Value(’i’, 0)
    turn = Value(’i’, 0)
    for tid in range(N):
        lp.append(Process(target=task, args=(common, tid, turn)))
    print (f"Valor inicial del contador {common.value}")
    for p in lp:
        p.start()
    for p in lp:
        p.join()
    print (f"Valor final del contador {common.value}")
    print ("fin")

if __name__ == "__main__":
    main()
[?2004h]0;alumno@aula407: ~/prpa_decker[01;32malumno@aula407[00m:[01;34m~/prpa_decker[00m$ [?2004l
exit

Script done on 2023-02-09 12:38:48+01:00 [COMMAND_EXIT_CODE="0"]
